// Vitest Snapshot v1, https://vitest.dev/guide/snapshot.html

exports[`MCP tool scope table > tool → scope snapshot 1`] = `
{
  "admin-setupMonitoring": "dokploy:admin",
  "ai-analyzeLogs": "dokploy:admin",
  "ai-create": "dokploy:admin",
  "ai-delete": "dokploy:admin",
  "ai-deploy": "dokploy:admin",
  "ai-get": "dokploy:admin",
  "ai-getAll": "dokploy:admin",
  "ai-getCustomProviders": "dokploy:read",
  "ai-getEnabledProviders": "dokploy:read",
  "ai-getModels": "dokploy:read",
  "ai-one": "dokploy:admin",
  "ai-saveCustomProviders": "dokploy:admin",
  "ai-suggest": "dokploy:admin",
  "ai-testConnection": "dokploy:admin",
  "ai-update": "dokploy:admin",
  "application-cancelDeployment": "dokploy:deploy",
  "application-cleanQueues": "dokploy:deploy",
  "application-clearDeployments": "dokploy:deploy",
  "application-create": "dokploy:services:write",
  "application-delete": "dokploy:services:delete",
  "application-deploy": "dokploy:deploy",
  "application-deployNginxQuickstart": "dokploy:deploy",
  "application-disconnectGitProvider": "dokploy:services:write",
  "application-dropDeployment": "dokploy:deploy",
  "application-getDeployHooks": "dokploy:read",
  "application-getRailpackVersions": "dokploy:read",
  "application-killBuild": "dokploy:deploy",
  "application-markRunning": "dokploy:deploy",
  "application-move": "dokploy:services:write",
  "application-one": "dokploy:read",
  "application-readAppMonitoring": "dokploy:read",
  "application-readLogs": "dokploy:read",
  "application-readTraefikConfig": "dokploy:read",
  "application-redeploy": "dokploy:deploy",
  "application-refreshToken": "dokploy:services:write",
  "application-reload": "dokploy:deploy",
  "application-saveBitbucketProvider": "dokploy:services:write",
  "application-saveBuildType": "dokploy:services:write",
  "application-saveDeployHooks": "dokploy:services:write",
  "application-saveDockerProvider": "dokploy:services:write",
  "application-saveEnvironment": "dokploy:services:write",
  "application-saveGitProvider": "dokploy:services:write",
  "application-saveGiteaProvider": "dokploy:services:write",
  "application-saveGithubProvider": "dokploy:services:write",
  "application-saveGitlabProvider": "dokploy:services:write",
  "application-search": "dokploy:read",
  "application-start": "dokploy:deploy",
  "application-stop": "dokploy:deploy",
  "application-transfer": "dokploy:services:write",
  "application-transferScan": "dokploy:services:write",
  "application-update": "dokploy:services:write",
  "application-updateTraefikConfig": "dokploy:services:write",
  "auditLog-all": "dokploy:read",
  "backup-backupContext": "dokploy:read",
  "backup-create": "dokploy:backups",
  "backup-listBackupFiles": "dokploy:read",
  "backup-manualBackupCompose": "dokploy:backups",
  "backup-manualBackupLibsql": "dokploy:backups",
  "backup-manualBackupMariadb": "dokploy:backups",
  "backup-manualBackupMongo": "dokploy:backups",
  "backup-manualBackupMySql": "dokploy:backups",
  "backup-manualBackupPostgres": "dokploy:backups",
  "backup-manualBackupWebServer": "dokploy:backups",
  "backup-one": "dokploy:read",
  "backup-remove": "dokploy:backups",
  "backup-update": "dokploy:backups",
  "backupPolicy-all": "dokploy:read",
  "backupPolicy-composeChildren": "dokploy:read",
  "backupPolicy-coverage": "dokploy:read",
  "backupPolicy-create": "dokploy:backups",
  "backupPolicy-imageProvenance": "dokploy:read",
  "backupPolicy-one": "dokploy:read",
  "backupPolicy-recentActivity": "dokploy:read",
  "backupPolicy-remove": "dokploy:backups",
  "backupPolicy-sync": "dokploy:backups",
  "backupPolicy-toggle": "dokploy:backups",
  "backupPolicy-update": "dokploy:backups",
  "bitbucket-bitbucketProviders": "dokploy:read",
  "bitbucket-create": "dokploy:admin",
  "bitbucket-getBitbucketBranches": "dokploy:read",
  "bitbucket-getBitbucketRepositories": "dokploy:read",
  "bitbucket-one": "dokploy:admin",
  "bitbucket-testConnection": "dokploy:admin",
  "bitbucket-update": "dokploy:admin",
  "buildPolicy-addExclusion": "dokploy:admin",
  "buildPolicy-allowLocalBuildOnce": "dokploy:admin",
  "buildPolicy-audit": "dokploy:read",
  "buildPolicy-exclusions": "dokploy:read",
  "buildPolicy-removeExclusion": "dokploy:admin",
  "buildPolicy-rollbackToDigest": "dokploy:admin",
  "buildPolicy-settings": "dokploy:read",
  "buildPolicy-updateSettings": "dokploy:admin",
  "certificates-all": "dokploy:admin",
  "certificates-create": "dokploy:admin",
  "certificates-one": "dokploy:admin",
  "certificates-remove": "dokploy:admin",
  "certificates-update": "dokploy:admin",
  "cloudflare-accessDefaults": "dokploy:read",
  "cloudflare-all": "dokploy:read",
  "cloudflare-checkDomainAvailability": "dokploy:read",
  "cloudflare-create": "dokploy:admin",
  "cloudflare-domainProtectionPolicy": "dokploy:read",
  "cloudflare-one": "dokploy:read",
  "cloudflare-remove": "dokploy:admin",
  "cloudflare-testConnection": "dokploy:admin",
  "cloudflare-tunnelRuntimes": "dokploy:read",
  "cloudflare-tunnels": "dokploy:read",
  "cloudflare-update": "dokploy:admin",
  "cloudflareAccess-byDomainId": "dokploy:read",
  "cloudflareAccess-remove": "dokploy:admin",
  "cloudflareAccess-upsert": "dokploy:admin",
  "cluster-addManager": "dokploy:read",
  "cluster-addWorker": "dokploy:read",
  "cluster-getNodes": "dokploy:read",
  "cluster-removeWorker": "dokploy:admin",
  "compose-cancelDeployment": "dokploy:deploy",
  "compose-cleanQueues": "dokploy:deploy",
  "compose-clearDeployments": "dokploy:deploy",
  "compose-create": "dokploy:services:write",
  "compose-delete": "dokploy:services:delete",
  "compose-deploy": "dokploy:deploy",
  "compose-deployTemplate": "dokploy:services:write",
  "compose-disconnectGitProvider": "dokploy:services:write",
  "compose-fetchSourceType": "dokploy:deploy",
  "compose-getConvertedCompose": "dokploy:read",
  "compose-getDefaultCommand": "dokploy:read",
  "compose-getTags": "dokploy:read",
  "compose-import": "dokploy:services:write",
  "compose-isolatedDeployment": "dokploy:services:write",
  "compose-killBuild": "dokploy:deploy",
  "compose-loadMountsByService": "dokploy:read",
  "compose-loadServices": "dokploy:read",
  "compose-loadTemplateFromGit": "dokploy:services:write",
  "compose-move": "dokploy:services:write",
  "compose-one": "dokploy:read",
  "compose-previewTemplate": "dokploy:services:write",
  "compose-processTemplate": "dokploy:services:write",
  "compose-randomizeCompose": "dokploy:services:write",
  "compose-readLogs": "dokploy:read",
  "compose-redeploy": "dokploy:deploy",
  "compose-refreshToken": "dokploy:services:write",
  "compose-saveEnvironment": "dokploy:services:write",
  "compose-search": "dokploy:read",
  "compose-start": "dokploy:deploy",
  "compose-stop": "dokploy:deploy",
  "compose-templates": "dokploy:read",
  "compose-transfer": "dokploy:services:write",
  "compose-transferScan": "dokploy:services:write",
  "compose-update": "dokploy:services:write",
  "customRole-all": "dokploy:read",
  "customRole-create": "dokploy:admin",
  "customRole-getStatements": "dokploy:read",
  "customRole-membersByRole": "dokploy:read",
  "customRole-remove": "dokploy:admin",
  "customRole-update": "dokploy:admin",
  "deployment-all": "dokploy:read",
  "deployment-allByCompose": "dokploy:read",
  "deployment-allByServer": "dokploy:read",
  "deployment-allByType": "dokploy:read",
  "deployment-allCentralized": "dokploy:read",
  "deployment-killProcess": "dokploy:deploy",
  "deployment-queueList": "dokploy:read",
  "deployment-readLogs": "dokploy:read",
  "deployment-removeDeployment": "dokploy:deploy",
  "destination-all": "dokploy:admin",
  "destination-create": "dokploy:backups",
  "destination-one": "dokploy:admin",
  "destination-remove": "dokploy:backups",
  "destination-testConnection": "dokploy:backups",
  "destination-update": "dokploy:backups",
  "dnsProvider-all": "dokploy:read",
  "dnsProvider-create": "dokploy:admin",
  "dnsProvider-createRecord": "dokploy:admin",
  "dnsProvider-deleteRecord": "dokploy:admin",
  "dnsProvider-listRecords": "dokploy:read",
  "dnsProvider-listZones": "dokploy:read",
  "dnsProvider-one": "dokploy:read",
  "dnsProvider-remove": "dokploy:admin",
  "dnsProvider-testConnection": "dokploy:admin",
  "dnsProvider-update": "dokploy:admin",
  "dnsProvider-updateRecord": "dokploy:admin",
  "docker-deleteContainerFile": "dokploy:services:write",
  "docker-getConfig": "dokploy:read",
  "docker-getContainers": "dokploy:read",
  "docker-getContainersByAppLabel": "dokploy:read",
  "docker-getContainersByAppNameMatch": "dokploy:read",
  "docker-getEvents": "dokploy:read",
  "docker-getServerHealth": "dokploy:read",
  "docker-getServiceContainersByAppName": "dokploy:read",
  "docker-getStackContainersByAppName": "dokploy:read",
  "docker-killContainer": "dokploy:deploy",
  "docker-listContainerFiles": "dokploy:read",
  "docker-readContainerFile": "dokploy:admin",
  "docker-removeContainer": "dokploy:services:delete",
  "docker-restartContainer": "dokploy:deploy",
  "docker-startContainer": "dokploy:deploy",
  "docker-stopContainer": "dokploy:deploy",
  "docker-uploadFileToContainer": "dokploy:services:write",
  "docker-writeContainerFile": "dokploy:services:write",
  "dockerDiskUsage-getBuildCache": "dokploy:read",
  "dockerDiskUsage-getDiskUsage": "dokploy:read",
  "dockerDiskUsage-pruneBuildCache": "dokploy:admin",
  "dockerImage-getImageConfig": "dokploy:read",
  "dockerImage-getImages": "dokploy:read",
  "dockerImage-removeImage": "dokploy:admin",
  "dockerVolume-deleteVolumeFile": "dokploy:admin",
  "dockerVolume-getVolumeConfig": "dokploy:read",
  "dockerVolume-getVolumes": "dokploy:read",
  "dockerVolume-getVolumesSize": "dokploy:read",
  "dockerVolume-listVolumeFiles": "dokploy:read",
  "dockerVolume-readVolumeFile": "dokploy:admin",
  "dockerVolume-removeVolume": "dokploy:admin",
  "dockerVolume-writeVolumeFile": "dokploy:admin",
  "dodomain-checkDomain": "dokploy:admin",
  "dodomain-configured": "dokploy:read",
  "dodomain-connectionStatus": "dokploy:read",
  "dodomain-create": "dokploy:admin",
  "dodomain-createConnectSession": "dokploy:admin",
  "dodomain-one": "dokploy:read",
  "dodomain-remove": "dokploy:admin",
  "dodomain-reverify": "dokploy:admin",
  "dodomain-testConnection": "dokploy:admin",
  "dodomain-update": "dokploy:admin",
  "domain-byApplicationId": "dokploy:read",
  "domain-byComposeId": "dokploy:read",
  "domain-canGenerateTraefikMeDomains": "dokploy:read",
  "domain-certificateResolvers": "dokploy:read",
  "domain-create": "dokploy:services:write",
  "domain-delete": "dokploy:services:delete",
  "domain-generateDomain": "dokploy:services:write",
  "domain-one": "dokploy:read",
  "domain-toggleEnable": "dokploy:services:write",
  "domain-update": "dokploy:services:write",
  "domain-validateDomain": "dokploy:services:write",
  "environment-byProjectId": "dokploy:read",
  "environment-create": "dokploy:projects:write",
  "environment-duplicate": "dokploy:projects:write",
  "environment-one": "dokploy:read",
  "environment-remove": "dokploy:projects:delete",
  "environment-search": "dokploy:read",
  "environment-update": "dokploy:projects:write",
  "forwardAuth-deployOnServer": "dokploy:admin",
  "forwardAuth-disable": "dokploy:admin",
  "forwardAuth-enable": "dokploy:admin",
  "forwardAuth-getAuthDomain": "dokploy:read",
  "forwardAuth-listProviders": "dokploy:read",
  "forwardAuth-removeAuthDomain": "dokploy:admin",
  "forwardAuth-removeOnServer": "dokploy:admin",
  "forwardAuth-serverStatus": "dokploy:read",
  "forwardAuth-setAuthDomain": "dokploy:admin",
  "forwardAuth-status": "dokploy:read",
  "gitProvider-allForPermissions": "dokploy:read",
  "gitProvider-getAll": "dokploy:read",
  "gitProvider-remove": "dokploy:admin",
  "gitProvider-toggleShare": "dokploy:admin",
  "gitea-create": "dokploy:admin",
  "gitea-getGiteaBranches": "dokploy:read",
  "gitea-getGiteaPullRequests": "dokploy:read",
  "gitea-getGiteaRepositories": "dokploy:read",
  "gitea-getGiteaUrl": "dokploy:read",
  "gitea-giteaProviders": "dokploy:read",
  "gitea-one": "dokploy:admin",
  "gitea-testConnection": "dokploy:admin",
  "gitea-update": "dokploy:admin",
  "github-getGithubBranches": "dokploy:read",
  "github-getGithubPullRequests": "dokploy:read",
  "github-getGithubRepositories": "dokploy:read",
  "github-githubProviders": "dokploy:read",
  "github-one": "dokploy:admin",
  "github-testConnection": "dokploy:admin",
  "github-update": "dokploy:admin",
  "gitlab-create": "dokploy:admin",
  "gitlab-getGitlabBranches": "dokploy:read",
  "gitlab-getGitlabMergeRequests": "dokploy:read",
  "gitlab-getGitlabRepositories": "dokploy:read",
  "gitlab-gitlabProviders": "dokploy:read",
  "gitlab-one": "dokploy:admin",
  "gitlab-testConnection": "dokploy:admin",
  "gitlab-update": "dokploy:admin",
  "libsql-changeStatus": "dokploy:deploy",
  "libsql-create": "dokploy:services:write",
  "libsql-deploy": "dokploy:deploy",
  "libsql-move": "dokploy:services:write",
  "libsql-one": "dokploy:read",
  "libsql-readLogs": "dokploy:read",
  "libsql-rebuild": "dokploy:deploy",
  "libsql-reload": "dokploy:deploy",
  "libsql-remove": "dokploy:services:delete",
  "libsql-saveEnvironment": "dokploy:services:write",
  "libsql-saveExternalPorts": "dokploy:services:write",
  "libsql-start": "dokploy:deploy",
  "libsql-stop": "dokploy:deploy",
  "libsql-update": "dokploy:services:write",
  "licenseKey-activate": "dokploy:admin",
  "licenseKey-deactivate": "dokploy:admin",
  "licenseKey-getEnterpriseSettings": "dokploy:read",
  "licenseKey-haveValidLicenseKey": "dokploy:read",
  "licenseKey-updateEnterpriseSettings": "dokploy:admin",
  "licenseKey-validate": "dokploy:admin",
  "mariadb-changePassword": "dokploy:services:write",
  "mariadb-changeStatus": "dokploy:deploy",
  "mariadb-create": "dokploy:services:write",
  "mariadb-deploy": "dokploy:deploy",
  "mariadb-move": "dokploy:services:write",
  "mariadb-one": "dokploy:read",
  "mariadb-readLogs": "dokploy:read",
  "mariadb-rebuild": "dokploy:deploy",
  "mariadb-reload": "dokploy:deploy",
  "mariadb-remove": "dokploy:services:delete",
  "mariadb-saveEnvironment": "dokploy:services:write",
  "mariadb-saveExternalPort": "dokploy:services:write",
  "mariadb-search": "dokploy:read",
  "mariadb-start": "dokploy:deploy",
  "mariadb-stop": "dokploy:deploy",
  "mariadb-transfer": "dokploy:services:write",
  "mariadb-transferScan": "dokploy:services:write",
  "mariadb-update": "dokploy:services:write",
  "mongo-changePassword": "dokploy:services:write",
  "mongo-changeStatus": "dokploy:deploy",
  "mongo-create": "dokploy:services:write",
  "mongo-deploy": "dokploy:deploy",
  "mongo-move": "dokploy:services:write",
  "mongo-one": "dokploy:read",
  "mongo-readLogs": "dokploy:read",
  "mongo-rebuild": "dokploy:deploy",
  "mongo-reload": "dokploy:deploy",
  "mongo-remove": "dokploy:services:delete",
  "mongo-saveEnvironment": "dokploy:services:write",
  "mongo-saveExternalPort": "dokploy:services:write",
  "mongo-search": "dokploy:read",
  "mongo-start": "dokploy:deploy",
  "mongo-stop": "dokploy:deploy",
  "mongo-transfer": "dokploy:services:write",
  "mongo-transferScan": "dokploy:services:write",
  "mongo-update": "dokploy:services:write",
  "mounts-allNamedByApplicationId": "dokploy:read",
  "mounts-create": "dokploy:services:write",
  "mounts-listByServiceId": "dokploy:read",
  "mounts-one": "dokploy:read",
  "mounts-remove": "dokploy:services:delete",
  "mounts-update": "dokploy:services:write",
  "mysql-changePassword": "dokploy:services:write",
  "mysql-changeStatus": "dokploy:deploy",
  "mysql-create": "dokploy:services:write",
  "mysql-deploy": "dokploy:deploy",
  "mysql-move": "dokploy:services:write",
  "mysql-one": "dokploy:read",
  "mysql-readLogs": "dokploy:read",
  "mysql-rebuild": "dokploy:deploy",
  "mysql-reload": "dokploy:deploy",
  "mysql-remove": "dokploy:services:delete",
  "mysql-saveEnvironment": "dokploy:services:write",
  "mysql-saveExternalPort": "dokploy:services:write",
  "mysql-search": "dokploy:read",
  "mysql-start": "dokploy:deploy",
  "mysql-stop": "dokploy:deploy",
  "mysql-transfer": "dokploy:services:write",
  "mysql-transferScan": "dokploy:services:write",
  "mysql-update": "dokploy:services:write",
  "network-all": "dokploy:read",
  "network-create": "dokploy:admin",
  "network-import": "dokploy:admin",
  "network-inspect": "dokploy:read",
  "network-networksToSync": "dokploy:read",
  "network-one": "dokploy:read",
  "network-recreate": "dokploy:admin",
  "network-remove": "dokploy:admin",
  "network-resync": "dokploy:admin",
  "notification-all": "dokploy:admin",
  "notification-createCustom": "dokploy:admin",
  "notification-createDiscord": "dokploy:admin",
  "notification-createEmail": "dokploy:admin",
  "notification-createGotify": "dokploy:admin",
  "notification-createLark": "dokploy:admin",
  "notification-createMattermost": "dokploy:admin",
  "notification-createNotifly": "dokploy:admin",
  "notification-createNtfy": "dokploy:admin",
  "notification-createPushover": "dokploy:admin",
  "notification-createResend": "dokploy:admin",
  "notification-createSendly": "dokploy:admin",
  "notification-createSlack": "dokploy:admin",
  "notification-createTeams": "dokploy:admin",
  "notification-createTelegram": "dokploy:admin",
  "notification-getEmailProviders": "dokploy:admin",
  "notification-one": "dokploy:admin",
  "notification-receiveNotification": "dokploy:admin",
  "notification-remove": "dokploy:admin",
  "notification-testCustomConnection": "dokploy:admin",
  "notification-testDiscordConnection": "dokploy:admin",
  "notification-testEmailConnection": "dokploy:admin",
  "notification-testGotifyConnection": "dokploy:admin",
  "notification-testLarkConnection": "dokploy:admin",
  "notification-testMattermostConnection": "dokploy:admin",
  "notification-testNotiflyConnection": "dokploy:admin",
  "notification-testNtfyConnection": "dokploy:admin",
  "notification-testPushoverConnection": "dokploy:admin",
  "notification-testResendConnection": "dokploy:admin",
  "notification-testSendlyConnection": "dokploy:admin",
  "notification-testSlackConnection": "dokploy:admin",
  "notification-testTeamsConnection": "dokploy:admin",
  "notification-testTelegramConnection": "dokploy:admin",
  "notification-updateCustom": "dokploy:admin",
  "notification-updateDiscord": "dokploy:admin",
  "notification-updateEmail": "dokploy:admin",
  "notification-updateGotify": "dokploy:admin",
  "notification-updateLark": "dokploy:admin",
  "notification-updateMattermost": "dokploy:admin",
  "notification-updateNotifly": "dokploy:admin",
  "notification-updateNtfy": "dokploy:admin",
  "notification-updatePushover": "dokploy:admin",
  "notification-updateResend": "dokploy:admin",
  "notification-updateSendly": "dokploy:admin",
  "notification-updateSlack": "dokploy:admin",
  "notification-updateTeams": "dokploy:admin",
  "notification-updateTelegram": "dokploy:admin",
  "organization-active": "dokploy:read",
  "organization-all": "dokploy:read",
  "organization-allInvitations": "dokploy:read",
  "organization-bulkInviteMembers": "dokploy:admin",
  "organization-create": "dokploy:admin",
  "organization-delete": "dokploy:admin",
  "organization-getWildcardDomain": "dokploy:read",
  "organization-inviteMember": "dokploy:admin",
  "organization-moveMemberToTeam": "dokploy:admin",
  "organization-one": "dokploy:read",
  "organization-removeInvitation": "dokploy:admin",
  "organization-setDefault": "dokploy:admin",
  "organization-update": "dokploy:admin",
  "organization-updateMemberRole": "dokploy:admin",
  "organization-updateWildcardDomain": "dokploy:admin",
  "overview-backups": "dokploy:read",
  "overview-domains": "dokploy:read",
  "overview-services": "dokploy:read",
  "patch-byEntityId": "dokploy:read",
  "patch-cleanPatchRepos": "dokploy:deploy",
  "patch-create": "dokploy:services:write",
  "patch-delete": "dokploy:services:delete",
  "patch-ensureRepo": "dokploy:services:write",
  "patch-markFileForDeletion": "dokploy:services:write",
  "patch-one": "dokploy:read",
  "patch-readRepoDirectories": "dokploy:read",
  "patch-readRepoFile": "dokploy:read",
  "patch-saveFileAsPatch": "dokploy:services:write",
  "patch-toggleEnabled": "dokploy:services:write",
  "patch-update": "dokploy:services:write",
  "port-create": "dokploy:services:write",
  "port-delete": "dokploy:services:delete",
  "port-one": "dokploy:read",
  "port-update": "dokploy:services:write",
  "postgres-changePassword": "dokploy:services:write",
  "postgres-changeStatus": "dokploy:deploy",
  "postgres-create": "dokploy:services:write",
  "postgres-deploy": "dokploy:deploy",
  "postgres-move": "dokploy:services:write",
  "postgres-one": "dokploy:read",
  "postgres-readLogs": "dokploy:read",
  "postgres-rebuild": "dokploy:deploy",
  "postgres-reload": "dokploy:deploy",
  "postgres-remove": "dokploy:services:delete",
  "postgres-saveEnvironment": "dokploy:services:write",
  "postgres-saveExternalPort": "dokploy:services:write",
  "postgres-search": "dokploy:read",
  "postgres-start": "dokploy:deploy",
  "postgres-stop": "dokploy:deploy",
  "postgres-transfer": "dokploy:services:write",
  "postgres-transferScan": "dokploy:services:write",
  "postgres-update": "dokploy:services:write",
  "previewDeployment-all": "dokploy:read",
  "previewDeployment-create": "dokploy:services:write",
  "previewDeployment-delete": "dokploy:services:delete",
  "previewDeployment-one": "dokploy:read",
  "previewDeployment-redeploy": "dokploy:deploy",
  "project-all": "dokploy:read",
  "project-allForPermissions": "dokploy:read",
  "project-completeOnboarding": "dokploy:projects:write",
  "project-create": "dokploy:projects:write",
  "project-duplicate": "dokploy:projects:write",
  "project-export": "dokploy:read",
  "project-getWildcardDomainConfig": "dokploy:read",
  "project-homeStats": "dokploy:read",
  "project-onboardingStatus": "dokploy:read",
  "project-one": "dokploy:read",
  "project-remove": "dokploy:projects:delete",
  "project-search": "dokploy:read",
  "project-update": "dokploy:projects:write",
  "project-updateWildcardDomain": "dokploy:projects:write",
  "redirects-create": "dokploy:services:write",
  "redirects-delete": "dokploy:services:delete",
  "redirects-one": "dokploy:read",
  "redirects-update": "dokploy:services:write",
  "redis-changePassword": "dokploy:services:write",
  "redis-changeStatus": "dokploy:deploy",
  "redis-create": "dokploy:services:write",
  "redis-deploy": "dokploy:deploy",
  "redis-move": "dokploy:services:write",
  "redis-one": "dokploy:read",
  "redis-readLogs": "dokploy:read",
  "redis-rebuild": "dokploy:deploy",
  "redis-reload": "dokploy:deploy",
  "redis-remove": "dokploy:services:delete",
  "redis-saveEnvironment": "dokploy:services:write",
  "redis-saveExternalPort": "dokploy:services:write",
  "redis-search": "dokploy:read",
  "redis-start": "dokploy:deploy",
  "redis-stop": "dokploy:deploy",
  "redis-transfer": "dokploy:services:write",
  "redis-transferScan": "dokploy:services:write",
  "redis-update": "dokploy:services:write",
  "registry-all": "dokploy:read",
  "registry-create": "dokploy:admin",
  "registry-listECRImageTags": "dokploy:read",
  "registry-listECRRepositories": "dokploy:read",
  "registry-one": "dokploy:read",
  "registry-remove": "dokploy:admin",
  "registry-testRegistry": "dokploy:admin",
  "registry-testRegistryById": "dokploy:admin",
  "registry-update": "dokploy:admin",
  "rollback-delete": "dokploy:services:delete",
  "rollback-rollback": "dokploy:deploy",
  "schedule-create": "dokploy:services:write",
  "schedule-delete": "dokploy:services:delete",
  "schedule-list": "dokploy:read",
  "schedule-one": "dokploy:read",
  "schedule-runManually": "dokploy:deploy",
  "schedule-update": "dokploy:services:write",
  "scim-deleteProvider": "dokploy:admin",
  "scim-generateToken": "dokploy:admin",
  "scim-listProviders": "dokploy:read",
  "security-create": "dokploy:services:write",
  "security-delete": "dokploy:services:delete",
  "security-one": "dokploy:read",
  "security-update": "dokploy:services:write",
  "server-all": "dokploy:admin",
  "server-allForPermissions": "dokploy:read",
  "server-buildServers": "dokploy:read",
  "server-count": "dokploy:read",
  "server-create": "dokploy:admin",
  "server-getContainerProcesses": "dokploy:read",
  "server-getContainerResourceStats": "dokploy:read",
  "server-getDefaultCommand": "dokploy:read",
  "server-getMonitoringConfig": "dokploy:admin",
  "server-getServerMetrics": "dokploy:read",
  "server-getServerTime": "dokploy:read",
  "server-getServersForMonitoring": "dokploy:read",
  "server-getServices": "dokploy:read",
  "server-one": "dokploy:admin",
  "server-publicIp": "dokploy:read",
  "server-remove": "dokploy:admin",
  "server-security": "dokploy:read",
  "server-setup": "dokploy:admin",
  "server-setupMonitoring": "dokploy:admin",
  "server-update": "dokploy:admin",
  "server-updateBuildsConcurrency": "dokploy:admin",
  "server-validate": "dokploy:read",
  "server-withSSHKey": "dokploy:admin",
  "settings-assignDomainServer": "dokploy:admin",
  "settings-checkGPUStatus": "dokploy:read",
  "settings-checkInfrastructureHealth": "dokploy:read",
  "settings-cleanAll": "dokploy:admin",
  "settings-cleanAllDeploymentQueue": "dokploy:admin",
  "settings-cleanDockerBuilder": "dokploy:admin",
  "settings-cleanDockerPrune": "dokploy:admin",
  "settings-cleanMonitoring": "dokploy:admin",
  "settings-cleanSSHPrivateKey": "dokploy:admin",
  "settings-cleanStoppedContainers": "dokploy:admin",
  "settings-cleanUnusedImages": "dokploy:admin",
  "settings-cleanUnusedVolumes": "dokploy:admin",
  "settings-getDockerDiskUsage": "dokploy:read",
  "settings-getDokployCloudIps": "dokploy:read",
  "settings-getDokployVersion": "dokploy:read",
  "settings-getDomainRestrictionConfig": "dokploy:read",
  "settings-getIp": "dokploy:read",
  "settings-getLogCleanupStatus": "dokploy:read",
  "settings-getOpenApiDocument": "dokploy:read",
  "settings-getReleaseNotes": "dokploy:read",
  "settings-getReleaseTag": "dokploy:read",
  "settings-getTraefikPorts": "dokploy:read",
  "settings-getUpdateData": "dokploy:read",
  "settings-getWebServerSettings": "dokploy:admin",
  "settings-haveActivateRequests": "dokploy:read",
  "settings-haveResponseCompressionEnabled": "dokploy:read",
  "settings-haveTraefikDashboardPortEnabled": "dokploy:read",
  "settings-health": "dokploy:read",
  "settings-isCloud": "dokploy:read",
  "settings-isUserSubscribed": "dokploy:read",
  "settings-readDirectories": "dokploy:read",
  "settings-readMiddlewareTraefikConfig": "dokploy:read",
  "settings-readTraefikConfig": "dokploy:read",
  "settings-readTraefikEnv": "dokploy:admin",
  "settings-readTraefikFile": "dokploy:admin",
  "settings-readWebServerTraefikConfig": "dokploy:read",
  "settings-reloadServer": "dokploy:admin",
  "settings-reloadTraefik": "dokploy:admin",
  "settings-saveSSHPrivateKey": "dokploy:admin",
  "settings-setupGPU": "dokploy:admin",
  "settings-toggleDashboard": "dokploy:admin",
  "settings-toggleRequests": "dokploy:admin",
  "settings-toggleResponseCompression": "dokploy:admin",
  "settings-updateBuildsConcurrency": "dokploy:admin",
  "settings-updateDockerCleanup": "dokploy:admin",
  "settings-updateDomainRestriction": "dokploy:admin",
  "settings-updateEnforceSSO": "dokploy:admin",
  "settings-updateLogCleanup": "dokploy:admin",
  "settings-updateMiddlewareTraefikConfig": "dokploy:admin",
  "settings-updateRemoteServersOnly": "dokploy:admin",
  "settings-updateServer": "dokploy:admin",
  "settings-updateServerIp": "dokploy:admin",
  "settings-updateTraefikConfig": "dokploy:admin",
  "settings-updateTraefikFile": "dokploy:admin",
  "settings-updateTraefikPorts": "dokploy:admin",
  "settings-updateWebServerTraefikConfig": "dokploy:admin",
  "settings-writeTraefikEnv": "dokploy:admin",
  "snapvisor-create": "dokploy:admin",
  "snapvisor-one": "dokploy:read",
  "snapvisor-previewBuild": "dokploy:read",
  "snapvisor-projects": "dokploy:read",
  "snapvisor-refreshPreviewBuild": "dokploy:admin",
  "snapvisor-remove": "dokploy:admin",
  "snapvisor-setApplicationProject": "dokploy:admin",
  "snapvisor-testConnection": "dokploy:admin",
  "snapvisor-update": "dokploy:admin",
  "sshKey-all": "dokploy:admin",
  "sshKey-allForApps": "dokploy:read",
  "sshKey-create": "dokploy:admin",
  "sshKey-generate": "dokploy:admin",
  "sshKey-one": "dokploy:admin",
  "sshKey-remove": "dokploy:admin",
  "sshKey-update": "dokploy:admin",
  "sso-addTrustedOrigin": "dokploy:admin",
  "sso-deleteProvider": "dokploy:admin",
  "sso-enforceSSO": "dokploy:read",
  "sso-getTrustedOrigins": "dokploy:read",
  "sso-listProviders": "dokploy:admin",
  "sso-one": "dokploy:admin",
  "sso-register": "dokploy:admin",
  "sso-removeTrustedOrigin": "dokploy:admin",
  "sso-showSignInWithSSO": "dokploy:read",
  "sso-update": "dokploy:admin",
  "sso-updateTrustedOrigin": "dokploy:admin",
  "stripe-canCreateMoreServers": "dokploy:read",
  "stripe-createCheckoutSession": "dokploy:admin",
  "stripe-createCustomerPortalSession": "dokploy:admin",
  "stripe-getBillingStatus": "dokploy:read",
  "stripe-getCurrentPlan": "dokploy:read",
  "stripe-getInvoices": "dokploy:read",
  "stripe-getProducts": "dokploy:read",
  "stripe-startFreeTrial": "dokploy:admin",
  "stripe-updateInvoiceNotifications": "dokploy:admin",
  "stripe-upgradeSubscription": "dokploy:admin",
  "swarm-getContainerStats": "dokploy:read",
  "swarm-getNodeApps": "dokploy:read",
  "swarm-getNodeInfo": "dokploy:read",
  "swarm-getNodes": "dokploy:read",
  "tag-all": "dokploy:read",
  "tag-assignToProject": "dokploy:services:write",
  "tag-bulkAssign": "dokploy:services:write",
  "tag-create": "dokploy:services:write",
  "tag-one": "dokploy:read",
  "tag-remove": "dokploy:services:delete",
  "tag-removeFromProject": "dokploy:services:write",
  "tag-update": "dokploy:services:write",
  "uptimely-create": "dokploy:admin",
  "uptimely-linkService": "dokploy:admin",
  "uptimely-one": "dokploy:read",
  "uptimely-preflightService": "dokploy:admin",
  "uptimely-remove": "dokploy:admin",
  "uptimely-runProbe": "dokploy:admin",
  "uptimely-serviceStatus": "dokploy:read",
  "uptimely-statusPages": "dokploy:read",
  "uptimely-testConnection": "dokploy:admin",
  "uptimely-unlinkService": "dokploy:admin",
  "uptimely-update": "dokploy:admin",
  "user-all": "dokploy:admin",
  "user-assignPermissions": "dokploy:admin",
  "user-checkUserOrganizations": "dokploy:read",
  "user-createApiKey": "dokploy:admin",
  "user-createUserWithCredentials": "dokploy:admin",
  "user-deleteApiKey": "dokploy:admin",
  "user-generateToken": "dokploy:admin",
  "user-get": "dokploy:read",
  "user-getBackups": "dokploy:read",
  "user-getBookmarkedTemplates": "dokploy:read",
  "user-getContainerMetrics": "dokploy:read",
  "user-getInvitations": "dokploy:read",
  "user-getMetricsToken": "dokploy:admin",
  "user-getPermissions": "dokploy:read",
  "user-getServerMetrics": "dokploy:read",
  "user-getUserByToken": "dokploy:read",
  "user-haveRootAccess": "dokploy:read",
  "user-listPasskeys": "dokploy:read",
  "user-listSessions": "dokploy:read",
  "user-one": "dokploy:admin",
  "user-remove": "dokploy:admin",
  "user-revokeSession": "dokploy:admin",
  "user-sendInvitation": "dokploy:admin",
  "user-session": "dokploy:read",
  "user-toggleTemplateBookmark": "dokploy:services:write",
  "user-update": "dokploy:admin",
  "vaultProvider-all": "dokploy:read",
  "vaultProvider-create": "dokploy:admin",
  "vaultProvider-listSecretNames": "dokploy:read",
  "vaultProvider-one": "dokploy:read",
  "vaultProvider-remove": "dokploy:admin",
  "vaultProvider-testConnection": "dokploy:admin",
  "vaultProvider-update": "dokploy:admin",
  "volumeBackups-create": "dokploy:backups",
  "volumeBackups-delete": "dokploy:backups",
  "volumeBackups-list": "dokploy:read",
  "volumeBackups-one": "dokploy:read",
  "volumeBackups-runManually": "dokploy:backups",
  "volumeBackups-update": "dokploy:backups",
  "whitelabeling-get": "dokploy:read",
  "whitelabeling-getPublic": "dokploy:read",
  "whitelabeling-reset": "dokploy:admin",
  "whitelabeling-update": "dokploy:admin",
}
`;
